******************************************************************************
             TMS320C2000 Linker PC v6.4.6                      
******************************************************************************
>> Linked Mon Mar 21 04:52:44 2016

OUTPUT FILE NAME:   <HVBLDC_Sensorless.out>
ENTRY POINT SYMBOL: "_c_int00"  address: 003f689b


MEMORY CONFIGURATION

         name            origin    length      used     unused   attr    fill
----------------------  --------  ---------  --------  --------  ----  --------
PAGE 0:
  progRAM               00008000   00001000  00000000  00001000  RWIX
  OTP                   003d7800   00000400  00000000  00000400  RWIX
  FLASHH                003e8000   00002000  00000000  00002000  RWIX
  FLASHG                003ea000   00002000  00000000  00002000  RWIX
  FLASHF                003ec000   00002000  00000000  00002000  RWIX
  FLASHE                003ee000   00002000  00000000  00002000  RWIX
  FLASHD                003f0000   00002000  00001028  00000fd8  RWIX
  FLASHC                003f2000   00002000  00000000  00002000  RWIX
  FLASHA                003f6000   00001f80  00000c22  0000135e  RWIX
  CSM_RSVD              003f7f80   00000076  00000000  00000076  RWIX
  BEGIN                 003f7ff6   00000002  00000002  00000000  RWIX
  CSM_PWL               003f7ff8   00000008  00000000  00000008  RWIX
  IQTABLES              003fe000   00000b50  00000b50  00000000  RWIX
  IQTABLES2             003feb50   0000008c  00000000  0000008c  RWIX
  IQTABLES3             003febdc   000000aa  00000000  000000aa  RWIX
  BOOTROM               003ff27c   00000d44  00000000  00000d44  RWIX
  RESET                 003fffc0   00000002  00000000  00000002  RWIX
  VECTORS               003fffc2   0000003e  00000000  0000003e  RWIX

PAGE 1:
  BOOT_RSVD             00000000   00000050  00000000  00000050  RWIX
  RAMM0                 00000050   000003b0  00000380  00000030  RWIX
  RAMM1                 00000400   00000400  00000000  00000400  RWIX
  DEV_EMU               00000880   00000105  00000004  00000101  RWIX
  SYS_PWR_CTL           00000985   00000003  00000000  00000003  RWIX
  FLASH_REGS            00000a80   00000060  00000008  00000058  RWIX
  CSM                   00000ae0   00000010  00000010  00000000  RWIX
  ADC_RESULT            00000b00   00000020  00000020  00000000  RWIX
  CPU_TIMER0            00000c00   00000008  00000008  00000000  RWIX
  CPU_TIMER1            00000c08   00000008  00000008  00000000  RWIX
  CPU_TIMER2            00000c10   00000008  00000008  00000000  RWIX
  PIE_CTRL              00000ce0   00000020  0000001a  00000006  RWIX
  PIE_VECT              00000d00   00000100  00000100  00000000  RWIX
  CLA1                  00001400   00000080  00000040  00000040  RWIX
  CLA_CPU_MSGRAM        00001480   00000080  00000000  00000080  RWIX
  CPU_CLA_MSGRAM        00001500   00000080  00000000  00000080  RWIX
  ECANA                 00006000   00000040  00000034  0000000c  RWIX
  ECANA_LAM             00006040   00000040  00000040  00000000  RWIX
  ECANA_MOTS            00006080   00000040  00000040  00000000  RWIX
  ECANA_MOTO            000060c0   00000040  00000040  00000000  RWIX
  ECANA_MBOX            00006100   00000100  00000100  00000000  RWIX
  COMP1                 00006400   00000020  00000014  0000000c  RWIX
  COMP2                 00006420   00000020  00000014  0000000c  RWIX
  COMP3                 00006440   00000020  00000014  0000000c  RWIX
  EPWM1                 00006800   00000040  00000040  00000000  RWIX
  EPWM2                 00006840   00000040  00000040  00000000  RWIX
  EPWM3                 00006880   00000040  00000040  00000000  RWIX
  EPWM4                 000068c0   00000040  00000040  00000000  RWIX
  EPWM5                 00006900   00000040  00000040  00000000  RWIX
  EPWM6                 00006940   00000040  00000040  00000000  RWIX
  EPWM7                 00006980   00000040  00000040  00000000  RWIX
  ECAP1                 00006a00   00000020  00000020  00000000  RWIX
  EQEP1                 00006b00   00000040  00000040  00000000  RWIX
  LINA                  00006c00   00000080  0000004a  00000036  RWIX
  GPIOCTRL              00006f80   00000040  00000040  00000000  RWIX
  GPIODAT               00006fc0   00000020  00000020  00000000  RWIX
  GPIOINT               00006fe0   00000020  0000000c  00000014  RWIX
  SYSTEM                00007010   00000020  00000020  00000000  RWIX
  SPIA                  00007040   00000010  00000010  00000000  RWIX
  SCIA                  00007050   00000010  00000010  00000000  RWIX
  NMIINTRUPT            00007060   00000010  00000010  00000000  RWIX
  XINTRUPT              00007070   00000010  00000010  00000000  RWIX
  ADC                   00007100   00000080  00000050  00000030  RWIX
  SPIB                  00007740   00000010  00000010  00000000  RWIX
  I2CA                  00007900   00000040  00000022  0000001e  RWIX
  dataRAM               00009000   00001000  00000858  000007a8  RWIX
  PARTID                003d7e80   00000001  00000001  00000000  RWIX
  FLASHB                003f4000   00002000  00000000  00002000  RWIX
  CSM_PWL               003f7ff8   00000008  00000008  00000000  RWIX


SECTION ALLOCATION MAP

 output                                  attributes/
section   page    origin      length       input sections
--------  ----  ----------  ----------   ----------------
DevEmuRegsFile 
*          1    00000880    00000004     UNINITIALIZED
                  00000880    00000004     DSP2803x_GlobalVariableDefs.obj (DevEmuRegsFile)

FlashRegsFile 
*          1    00000a80    00000008     UNINITIALIZED
                  00000a80    00000008     DSP2803x_GlobalVariableDefs.obj (FlashRegsFile)

CsmRegsFile 
*          1    00000ae0    00000010     UNINITIALIZED
                  00000ae0    00000010     DSP2803x_GlobalVariableDefs.obj (CsmRegsFile)

AdcResultFile 
*          1    00000b00    00000020     UNINITIALIZED
                  00000b00    00000020     DSP2803x_GlobalVariableDefs.obj (AdcResultFile)

CpuTimer0RegsFile 
*          1    00000c00    00000008     UNINITIALIZED
                  00000c00    00000008     DSP2803x_GlobalVariableDefs.obj (CpuTimer0RegsFile)

CpuTimer1RegsFile 
*          1    00000c08    00000008     UNINITIALIZED
                  00000c08    00000008     DSP2803x_GlobalVariableDefs.obj (CpuTimer1RegsFile)

CpuTimer2RegsFile 
*          1    00000c10    00000008     UNINITIALIZED
                  00000c10    00000008     DSP2803x_GlobalVariableDefs.obj (CpuTimer2RegsFile)

PieCtrlRegsFile 
*          1    00000ce0    0000001a     UNINITIALIZED
                  00000ce0    0000001a     DSP2803x_GlobalVariableDefs.obj (PieCtrlRegsFile)

PieVectTableFile 
*          1    00000d00    00000100     UNINITIALIZED
                  00000d00    00000100     DSP2803x_GlobalVariableDefs.obj (PieVectTableFile)

EmuKeyVar 
*          1    00000d00    00000001     UNINITIALIZED
                  00000d00    00000001     DSP2803x_GlobalVariableDefs.obj (EmuKeyVar)

EmuBModeVar 
*          1    00000d01    00000001     UNINITIALIZED
                  00000d01    00000001     DSP2803x_GlobalVariableDefs.obj (EmuBModeVar)

FlashCallbackVar 
*          1    00000d02    00000002     UNINITIALIZED
                  00000d02    00000002     DSP2803x_GlobalVariableDefs.obj (FlashCallbackVar)

FlashScalingVar 
*          1    00000d04    00000002     UNINITIALIZED
                  00000d04    00000002     DSP2803x_GlobalVariableDefs.obj (FlashScalingVar)

ramfuncs   0    003f0000    00001028     FAILED TO ALLOCATE
.text      0    003f6000    0000098c     
                  003f6000    000004c8     HVBLDC_Sensorless.obj (.text)
                  003f64c8    000001b6     HVBLDC_Sensorless-DevInit_F2803x.obj (.text)
                  003f667e    00000083     rts2800_ml.lib : fd_mpy.obj (.text)
                  003f6701    00000083                    : fs_div.obj (.text)
                  003f6784    00000072     DSP2803x_CpuTimers.obj (.text)
                  003f67f6    0000005a     rts2800_ml.lib : fs_mpy.obj (.text)
                  003f6850    0000004b     DLOG4CHC.obj (.text)
                  003f689b    00000044     rts2800_ml.lib : boot.obj (.text)
                  003f68df    00000029                    : fs_tol.obj (.text)
                  003f6908    0000001f                    : fd_tol.obj (.text)
                  003f6927    0000001c                    : fs_tofd.obj (.text)
                  003f6943    00000019                    : args_main.obj (.text)
                  003f695c    00000019                    : exit.obj (.text)
                  003f6975    00000009                    : _lock.obj (.text)
                  003f697e    00000008     DSP2803x_CodeStartBranch.obj (.text)
                  003f6986    00000006     HVBLDC_Sensorless-DevInit_F2803x.obj (.text:retain)

.cinit     0    003f698c    0000024b     
                  003f698c    00000235     HVBLDC_Sensorless.obj (.cinit)
                  003f6bc1    0000000a     rts2800_ml.lib : exit.obj (.cinit)
                  003f6bcb    00000005                    : _lock.obj (.cinit:__lock)
                  003f6bd0    00000005                    : _lock.obj (.cinit:__unlock)
                  003f6bd5    00000002     --HOLE-- [fill = 0]

IQmath     0    003f6bd7    00000047     
                  003f6bd7    00000047     IQmath.lib : IQ24div.obj (IQmath)

.econst    0    003f6c1e    00000004     
                  003f6c1e    00000004     HVBLDC_Sensorless.obj (.econst)

codestart 
*          0    003f7ff6    00000002     
                  003f7ff6    00000002     DSP2803x_CodeStartBranch.obj (codestart)

IQmathTables 
*          0    003fe000    00000b50     NOLOAD SECTION
                  003fe000    00000b50     IQmath.lib : IQmathTables.obj (IQmathTables)

.stack     1    00000050    00000380     UNINITIALIZED
                  00000050    00000380     --HOLE--

Cla1RegsFile 
*          1    00001400    00000040     UNINITIALIZED
                  00001400    00000040     DSP2803x_GlobalVariableDefs.obj (Cla1RegsFile)

ECanaRegsFile 
*          1    00006000    00000034     UNINITIALIZED
                  00006000    00000034     DSP2803x_GlobalVariableDefs.obj (ECanaRegsFile)

ECanaLAMRegsFile 
*          1    00006040    00000040     UNINITIALIZED
                  00006040    00000040     DSP2803x_GlobalVariableDefs.obj (ECanaLAMRegsFile)

ECanaMOTSRegsFile 
*          1    00006080    00000040     UNINITIALIZED
                  00006080    00000040     DSP2803x_GlobalVariableDefs.obj (ECanaMOTSRegsFile)

ECanaMOTORegsFile 
*          1    000060c0    00000040     UNINITIALIZED
                  000060c0    00000040     DSP2803x_GlobalVariableDefs.obj (ECanaMOTORegsFile)

ECanaMboxesFile 
*          1    00006100    00000100     UNINITIALIZED
                  00006100    00000100     DSP2803x_GlobalVariableDefs.obj (ECanaMboxesFile)

Comp1RegsFile 
*          1    00006400    00000014     UNINITIALIZED
                  00006400    00000014     DSP2803x_GlobalVariableDefs.obj (Comp1RegsFile)

Comp2RegsFile 
*          1    00006420    00000014     UNINITIALIZED
                  00006420    00000014     DSP2803x_GlobalVariableDefs.obj (Comp2RegsFile)

Comp3RegsFile 
*          1    00006440    00000014     UNINITIALIZED
                  00006440    00000014     DSP2803x_GlobalVariableDefs.obj (Comp3RegsFile)

EPwm1RegsFile 
*          1    00006800    00000040     UNINITIALIZED
                  00006800    00000040     DSP2803x_GlobalVariableDefs.obj (EPwm1RegsFile)

EPwm2RegsFile 
*          1    00006840    00000040     UNINITIALIZED
                  00006840    00000040     DSP2803x_GlobalVariableDefs.obj (EPwm2RegsFile)

EPwm3RegsFile 
*          1    00006880    00000040     UNINITIALIZED
                  00006880    00000040     DSP2803x_GlobalVariableDefs.obj (EPwm3RegsFile)

EPwm4RegsFile 
*          1    000068c0    00000040     UNINITIALIZED
                  000068c0    00000040     DSP2803x_GlobalVariableDefs.obj (EPwm4RegsFile)

EPwm5RegsFile 
*          1    00006900    00000040     UNINITIALIZED
                  00006900    00000040     DSP2803x_GlobalVariableDefs.obj (EPwm5RegsFile)

EPwm6RegsFile 
*          1    00006940    00000040     UNINITIALIZED
                  00006940    00000040     DSP2803x_GlobalVariableDefs.obj (EPwm6RegsFile)

EPwm7RegsFile 
*          1    00006980    00000040     UNINITIALIZED
                  00006980    00000040     DSP2803x_GlobalVariableDefs.obj (EPwm7RegsFile)

ECap1RegsFile 
*          1    00006a00    00000020     UNINITIALIZED
                  00006a00    00000020     DSP2803x_GlobalVariableDefs.obj (ECap1RegsFile)

EQep1RegsFile 
*          1    00006b00    00000040     UNINITIALIZED
                  00006b00    00000040     DSP2803x_GlobalVariableDefs.obj (EQep1RegsFile)

LinaRegsFile 
*          1    00006c00    0000004a     UNINITIALIZED
                  00006c00    0000004a     DSP2803x_GlobalVariableDefs.obj (LinaRegsFile)

GpioCtrlRegsFile 
*          1    00006f80    00000040     UNINITIALIZED
                  00006f80    00000040     DSP2803x_GlobalVariableDefs.obj (GpioCtrlRegsFile)

GpioDataRegsFile 
*          1    00006fc0    00000020     UNINITIALIZED
                  00006fc0    00000020     DSP2803x_GlobalVariableDefs.obj (GpioDataRegsFile)

GpioIntRegsFile 
*          1    00006fe0    0000000c     UNINITIALIZED
                  00006fe0    0000000c     DSP2803x_GlobalVariableDefs.obj (GpioIntRegsFile)

SysCtrlRegsFile 
*          1    00007010    00000020     UNINITIALIZED
                  00007010    00000020     DSP2803x_GlobalVariableDefs.obj (SysCtrlRegsFile)

SpiaRegsFile 
*          1    00007040    00000010     UNINITIALIZED
                  00007040    00000010     DSP2803x_GlobalVariableDefs.obj (SpiaRegsFile)

SciaRegsFile 
*          1    00007050    00000010     UNINITIALIZED
                  00007050    00000010     DSP2803x_GlobalVariableDefs.obj (SciaRegsFile)

NmiIntruptRegsFile 
*          1    00007060    00000010     UNINITIALIZED
                  00007060    00000010     DSP2803x_GlobalVariableDefs.obj (NmiIntruptRegsFile)

XIntruptRegsFile 
*          1    00007070    00000010     UNINITIALIZED
                  00007070    00000010     DSP2803x_GlobalVariableDefs.obj (XIntruptRegsFile)

AdcRegsFile 
*          1    00007100    00000050     UNINITIALIZED
                  00007100    00000050     DSP2803x_GlobalVariableDefs.obj (AdcRegsFile)

SpibRegsFile 
*          1    00007740    00000010     UNINITIALIZED
                  00007740    00000010     DSP2803x_GlobalVariableDefs.obj (SpibRegsFile)

I2caRegsFile 
*          1    00007900    00000022     UNINITIALIZED
                  00007900    00000022     DSP2803x_GlobalVariableDefs.obj (I2caRegsFile)

.ebss      1    00009640    00000218     UNINITIALIZED
                  00009640    000001ec     HVBLDC_Sensorless.obj (.ebss)
                  0000982c    00000004     rts2800_ml.lib : exit.obj (.ebss)
                  00009830    00000002                    : _lock.obj (.ebss:__lock)
                  00009832    00000002                    : _lock.obj (.ebss:__unlock)
                  00009834    0000000c     --HOLE--
                  00009840    00000018     DSP2803x_CpuTimers.obj (.ebss)

PartIdRegsFile 
*          1    003d7e80    00000001     UNINITIALIZED
                  003d7e80    00000001     DSP2803x_GlobalVariableDefs.obj (PartIdRegsFile)

CsmPwlFile 
*          1    003f7ff8    00000008     UNINITIALIZED
                  003f7ff8    00000008     DSP2803x_GlobalVariableDefs.obj (CsmPwlFile)

.pinit     0    003f6000    00000000     UNINITIALIZED

.reset     0    003fffc0    00000002     DSECT
                  003fffc0    00000002     rts2800_ml.lib : boot.obj (.reset)

vectors    0    003fffc2    00000000     DSECT

DLOG       1    00009000    00000640     UNINITIALIZED
                  00009000    00000640     DLOG4CHC.obj (DLOG)


GLOBAL DATA SYMBOLS: SORTED BY DATA PAGE

address     data page           name
--------    ----------------    ----
00000050       1 (00000040)     __stack

00000880      22 (00000880)     _DevEmuRegs

00000a80      2a (00000a80)     _FlashRegs

00000ae0      2b (00000ac0)     _CsmRegs

00000b00      2c (00000b00)     _AdcResult

00000c00      30 (00000c00)     _CpuTimer0Regs
00000c08      30 (00000c00)     _CpuTimer1Regs
00000c10      30 (00000c00)     _CpuTimer2Regs

00000ce0      33 (00000cc0)     _PieCtrlRegs

00000d00      34 (00000d00)     _EmuKey
00000d00      34 (00000d00)     _PieVectTable
00000d01      34 (00000d00)     _EmuBMode
00000d02      34 (00000d00)     _Flash_CallbackPtr
00000d04      34 (00000d00)     _Flash_CPUScaleFactor

00001400      50 (00001400)     _Cla1Regs

00006000     180 (00006000)     _ECanaRegs

00006040     181 (00006040)     _ECanaLAMRegs

00006080     182 (00006080)     _ECanaMOTSRegs

000060c0     183 (000060c0)     _ECanaMOTORegs

00006100     184 (00006100)     _ECanaMboxes

00006400     190 (00006400)     _Comp1Regs
00006420     190 (00006400)     _Comp2Regs

00006440     191 (00006440)     _Comp3Regs

00006800     1a0 (00006800)     _EPwm1Regs

00006840     1a1 (00006840)     _EPwm2Regs

00006880     1a2 (00006880)     _EPwm3Regs

000068c0     1a3 (000068c0)     _EPwm4Regs

00006900     1a4 (00006900)     _EPwm5Regs

00006940     1a5 (00006940)     _EPwm6Regs

00006980     1a6 (00006980)     _EPwm7Regs

00006a00     1a8 (00006a00)     _ECap1Regs

00006b00     1ac (00006b00)     _EQep1Regs

00006c00     1b0 (00006c00)     _LinaRegs

00006f80     1be (00006f80)     _GpioCtrlRegs

00006fc0     1bf (00006fc0)     _GpioDataRegs
00006fe0     1bf (00006fc0)     _GpioIntRegs

00007010     1c0 (00007000)     _SysCtrlRegs

00007040     1c1 (00007040)     _SpiaRegs
00007050     1c1 (00007040)     _SciaRegs
00007060     1c1 (00007040)     _NmiIntruptRegs
00007070     1c1 (00007040)     _XIntruptRegs

00007100     1c4 (00007100)     _AdcRegs

00007740     1dd (00007740)     _SpibRegs

00007900     1e4 (00007900)     _I2caRegs

00009640     259 (00009640)     _DfuncTesting
00009641     259 (00009640)     _RotDireChangFlag
00009642     259 (00009640)     _DFuncDesired1
00009643     259 (00009640)     _NewBLDCmodStamp
00009644     259 (00009640)     _OldBLDCmodStamp
00009645     259 (00009640)     _DFuncDesired2
00009646     259 (00009640)     _BLDC_CtrlMod
00009647     259 (00009640)     _BackTicker
00009648     259 (00009640)     _SerialCommsTimer
00009649     259 (00009640)     _BackTickerFalse
0000964a     259 (00009640)     _SpeedLoopFlag1
0000964b     259 (00009640)     _SpeedLoopFlag2
0000964c     259 (00009640)     _BackTickerTrue
0000964d     259 (00009640)     _DlogCh4
0000964e     259 (00009640)     _EnableFlag
0000964f     259 (00009640)     _DlogCh3
00009650     259 (00009640)     _DlogCh1
00009651     259 (00009640)     _AlignFlag
00009652     259 (00009640)     _Period
00009653     259 (00009640)     _LoopCount
00009654     259 (00009640)     _DlogCh2
00009655     259 (00009640)     _GPR0_BLDC_PWM
00009656     259 (00009640)     _T
00009658     259 (00009640)     _C_Task_Ptr
0000965a     259 (00009640)     _RampDelay
0000965c     259 (00009640)     _CmtnPeriodSetpt
0000965e     259 (00009640)     _SpeedRef2
00009660     259 (00009640)     _SpeedRef1
00009662     259 (00009640)     _IsrTicker
00009664     259 (00009640)     _CmtnPeriodTarget
00009666     259 (00009640)     _Tmp
00009668     259 (00009640)     _B_Task_Ptr
0000966a     259 (00009640)     _VirtualTimer
0000966c     259 (00009640)     _Alpha_State_Ptr
0000966e     259 (00009640)     _A_Task_Ptr
00009670     259 (00009640)     _VTimer1
00009674     259 (00009640)     _VTimer0
00009678     259 (00009640)     _eCAP
0000967c     259 (00009640)     _VTimer2

00009680     25a (00009680)     _eQEP
00009684     25a (00009680)     _pwm1
00009689     25a (00009680)     _pwm2
0000968e     25a (00009680)     _impl1
00009694     25a (00009680)     _impl2
0000969a     25a (00009680)     _mod1
000096a0     25a (00009680)     _modinv1
000096a6     25a (00009680)     _rmp2_2
000096b0     25a (00009680)     _rmp2_1

000096c0     25b (000096c0)     _rmp3_2
000096cc     25b (000096c0)     _rmp3_1
000096d8     25b (000096c0)     _ChSel
000096e8     25b (000096c0)     _TrigSel

00009700     25c (00009700)     _ACQPS
00009710     25c (00009700)     _rc2
00009720     25c (00009700)     _ePWM
00009730     25c (00009700)     _rc1

00009740     25d (00009740)     _speed2
00009752     25d (00009740)     _speed1
00009764     25d (00009740)     _dlog

00009780     25e (00009780)     _pid1_spd
00009798     25e (00009780)     _pid2_spd

000097c0     25f (000097c0)     _cmtn1

00009800     260 (00009800)     _cmtninv1
0000982c     260 (00009800)     ___TI_cleanup_ptr
0000982e     260 (00009800)     ___TI_dtors_ptr
00009830     260 (00009800)     __lock
00009832     260 (00009800)     __unlock

00009840     261 (00009840)     _CpuTimer1
00009848     261 (00009840)     _CpuTimer2
00009850     261 (00009840)     _CpuTimer0

003d7e80    f5fa (003d7e80)     _PartIdRegs

003f6bd7    fdaf (003f6bc0)     __IQ24div

003f7ff8    fdff (003f7fc0)     _CsmPwl

003fe000    ff80 (003fe000)     _IQsinTable

003fe100    ff84 (003fe100)     _IQcosTable

003fe400    ff90 (003fe400)     _IQsinTableEnd

003fe502    ff94 (003fe500)     _IQcosTableEnd
003fe502    ff94 (003fe500)     _IQdivRoundSatTable
003fe510    ff94 (003fe500)     _IQdivTable

003fe712    ff9c (003fe700)     _IQdivTableEnd
003fe712    ff9c (003fe700)     _IQisqrtRoundSatTable
003fe712    ff9c (003fe700)     _IQsqrtRoundSatTable
003fe722    ff9c (003fe700)     _IQisqrtTable
003fe722    ff9c (003fe700)     _IQsqrtTable

003fe824    ffa0 (003fe800)     _IQatan2HalfPITable
003fe824    ffa0 (003fe800)     _IQisqrtTableEnd
003fe824    ffa0 (003fe800)     _IQsqrtTableEnd

003fe862    ffa1 (003fe840)     _IQatan2Table

003fe9e8    ffa7 (003fe9c0)     _IQ30mpyRndSatTable
003fe9e8    ffa7 (003fe9c0)     _IQatan2TableEnd
003fe9e8    ffa7 (003fe9c0)     _IQmpyRndSatTable
003fe9f4    ffa7 (003fe9c0)     _IQ29mpyRndSatTable

003fea00    ffa8 (003fea00)     _IQ28mpyRndSatTable
003fea0c    ffa8 (003fea00)     _IQ27mpyRndSatTable
003fea18    ffa8 (003fea00)     _IQ26mpyRndSatTable
003fea24    ffa8 (003fea00)     _IQ25mpyRndSatTable
003fea30    ffa8 (003fea00)     _IQ24mpyRndSatTable
003fea3c    ffa8 (003fea00)     _IQ23mpyRndSatTable

003fea48    ffa9 (003fea40)     _IQ22mpyRndSatTable
003fea54    ffa9 (003fea40)     _IQ21mpyRndSatTable
003fea60    ffa9 (003fea40)     _IQ20mpyRndSatTable
003fea6c    ffa9 (003fea40)     _IQ19mpyRndSatTable
003fea78    ffa9 (003fea40)     _IQ18mpyRndSatTable

003fea84    ffaa (003fea80)     _IQ17mpyRndSatTable
003fea90    ffaa (003fea80)     _IQ16mpyRndSatTable
003fea9c    ffaa (003fea80)     _IQ15mpyRndSatTable
003feaa8    ffaa (003fea80)     _IQ14mpyRndSatTable
003feab4    ffaa (003fea80)     _IQ13mpyRndSatTable

003feac0    ffab (003feac0)     _IQ12mpyRndSatTable
003feacc    ffab (003feac0)     _IQ11mpyRndSatTable
003fead8    ffab (003feac0)     _IQ10mpyRndSatTable
003feae4    ffab (003feac0)     _IQ9mpyRndSatTable
003feaf0    ffab (003feac0)     _IQ8mpyRndSatTable
003feafc    ffab (003feac0)     _IQ7mpyRndSatTable

003feb08    ffac (003feb00)     _IQ6mpyRndSatTable
003feb14    ffac (003feb00)     _IQ5mpyRndSatTable
003feb20    ffac (003feb00)     _IQ4mpyRndSatTable
003feb2c    ffac (003feb00)     _IQ3mpyRndSatTable
003feb38    ffac (003feb00)     _IQ2mpyRndSatTable

003feb44    ffad (003feb40)     _IQ1mpyRndSatTable
003feb50    ffad (003feb40)     _IQmpyRndSatTableEnd


GLOBAL SYMBOLS: SORTED ALPHABETICALLY BY Name 

page  address   name                 
----  -------   ----                 
0     003f6000  .text                
0     003f695c  C$$EXIT              
0     003f667e  FD$$MPY              
0     003f6908  FD$$TOL              
0     003f6701  FS$$DIV              
0     003f67f6  FS$$MPY              
0     003f6927  FS$$TOFD             
0     003f68df  FS$$TOL              
0     003f641b  _A0                  
0     003f6448  _A1                  
0     003f644e  _A2                  
0     003f6454  _A3                  
1     00009700  _ACQPS               
1     0000966e  _A_Task_Ptr          
1     00007100  _AdcRegs             
1     00000b00  _AdcResult           
1     00009651  _AlignFlag           
1     0000966c  _Alpha_State_Ptr     
0     003f6432  _B0                  
0     003f645a  _B1                  
0     003f6460  _B2                  
0     003f6466  _B3                  
1     00009646  _BLDC_CtrlMod        
1     00009668  _B_Task_Ptr          
1     00009647  _BackTicker          
1     00009649  _BackTickerFalse     
1     0000964c  _BackTickerTrue      
1     00009658  _C_Task_Ptr          
1     000096d8  _ChSel               
1     00001400  _Cla1Regs            
1     0000965c  _CmtnPeriodSetpt     
1     00009664  _CmtnPeriodTarget    
1     00006400  _Comp1Regs           
1     00006420  _Comp2Regs           
1     00006440  _Comp3Regs           
0     003f67c5  _ConfigCpuTimer      
1     00009850  _CpuTimer0           
1     00000c00  _CpuTimer0Regs       
1     00009840  _CpuTimer1           
1     00000c08  _CpuTimer1Regs       
1     00009848  _CpuTimer2           
1     00000c10  _CpuTimer2Regs       
1     003f7ff8  _CsmPwl              
1     00000ae0  _CsmRegs             
1     00009642  _DFuncDesired1       
1     00009645  _DFuncDesired2       
0     003f6850  _DLOG_4CH_init       
0     003f685b  _DLOG_4CH_update     
0     00001024  _DSP28x_usDelay      
1     00000880  _DevEmuRegs          
0     003f64c8  _DeviceInit          
1     00009640  _DfuncTesting        
1     00009650  _DlogCh1             
1     00009654  _DlogCh2             
1     0000964f  _DlogCh3             
1     0000964d  _DlogCh4             
1     00006040  _ECanaLAMRegs        
1     000060c0  _ECanaMOTORegs       
1     00006080  _ECanaMOTSRegs       
1     00006100  _ECanaMboxes         
1     00006000  _ECanaRegs           
1     00006a00  _ECap1Regs           
1     00006800  _EPwm1Regs           
1     00006840  _EPwm2Regs           
1     00006880  _EPwm3Regs           
1     000068c0  _EPwm4Regs           
1     00006900  _EPwm5Regs           
1     00006940  _EPwm6Regs           
1     00006980  _EPwm7Regs           
1     00006b00  _EQep1Regs           
1     00000d01  _EmuBMode            
1     00000d00  _EmuKey              
1     0000964e  _EnableFlag          
1     00000a80  _FlashRegs           
1     00000d04  _Flash_CPUScaleFactor
1     00000d02  _Flash_CallbackPtr   
1     00009655  _GPR0_BLDC_PWM       
1     00006f80  _GpioCtrlRegs        
1     00006fc0  _GpioDataRegs        
1     00006fe0  _GpioIntRegs         
1     00007900  _I2caRegs            
0     003fead8  _IQ10mpyRndSatTable  
0     003feacc  _IQ11mpyRndSatTable  
0     003feac0  _IQ12mpyRndSatTable  
0     003feab4  _IQ13mpyRndSatTable  
0     003feaa8  _IQ14mpyRndSatTable  
0     003fea9c  _IQ15mpyRndSatTable  
0     003fea90  _IQ16mpyRndSatTable  
0     003fea84  _IQ17mpyRndSatTable  
0     003fea78  _IQ18mpyRndSatTable  
0     003fea6c  _IQ19mpyRndSatTable  
0     003feb44  _IQ1mpyRndSatTable   
0     003fea60  _IQ20mpyRndSatTable  
0     003fea54  _IQ21mpyRndSatTable  
0     003fea48  _IQ22mpyRndSatTable  
0     003fea3c  _IQ23mpyRndSatTable  
0     003fea30  _IQ24mpyRndSatTable  
0     003fea24  _IQ25mpyRndSatTable  
0     003fea18  _IQ26mpyRndSatTable  
0     003fea0c  _IQ27mpyRndSatTable  
0     003fea00  _IQ28mpyRndSatTable  
0     003fe9f4  _IQ29mpyRndSatTable  
0     003feb38  _IQ2mpyRndSatTable   
0     003fe9e8  _IQ30mpyRndSatTable  
0     003feb2c  _IQ3mpyRndSatTable   
0     003feb20  _IQ4mpyRndSatTable   
0     003feb14  _IQ5mpyRndSatTable   
0     003feb08  _IQ6mpyRndSatTable   
0     003feafc  _IQ7mpyRndSatTable   
0     003feaf0  _IQ8mpyRndSatTable   
0     003feae4  _IQ9mpyRndSatTable   
0     003fe824  _IQatan2HalfPITable  
0     003fe862  _IQatan2Table        
0     003fe9e8  _IQatan2TableEnd     
0     003fe100  _IQcosTable          
0     003fe502  _IQcosTableEnd       
0     003fe502  _IQdivRoundSatTable  
0     003fe510  _IQdivTable          
0     003fe712  _IQdivTableEnd       
0     003fe712  _IQisqrtRoundSatTable
0     003fe722  _IQisqrtTable        
0     003fe824  _IQisqrtTableEnd     
0     003fe9e8  _IQmpyRndSatTable    
0     003feb50  _IQmpyRndSatTableEnd 
0     003fe000  _IQsinTable          
0     003fe400  _IQsinTableEnd       
0     003fe712  _IQsqrtRoundSatTable 
0     003fe722  _IQsqrtTable         
0     003fe824  _IQsqrtTableEnd      
0     003f6986  _ISR_ILLEGAL         
0     003f6784  _InitCpuTimers       
0     00001009  _InitFlash           
1     00009662  _IsrTicker           
1     00006c00  _LinaRegs            
1     00009653  _LoopCount           
0     00000000  _MainISR             
0     003f6669  _MemCopy             
1     00009643  _NewBLDCmodStamp     
1     00007060  _NmiIntruptRegs      
1     00009644  _OldBLDCmodStamp     
0     003f65f2  _PLLset              
1     003d7e80  _PartIdRegs          
1     00009652  _Period              
0     003f662c  _PieCntlInit         
1     00000ce0  _PieCtrlRegs         
1     00000d00  _PieVectTable        
0     003f664b  _PieVectTableInit    
0     003f1028  _RamfuncsLoadEnd     
0     003f0000  _RamfuncsLoadStart   
0     00000000  _RamfuncsRunStart    
1     0000965a  _RampDelay           
1     00009641  _RotDireChangFlag    
1     00007050  _SciaRegs            
1     00009648  _SerialCommsTimer    
1     0000964a  _SpeedLoopFlag1      
1     0000964b  _SpeedLoopFlag2      
1     00009660  _SpeedRef1           
1     0000965e  _SpeedRef2           
1     00007040  _SpiaRegs            
1     00007740  _SpibRegs            
1     00007010  _SysCtrlRegs         
1     00009656  _T                   
1     00009666  _Tmp                 
1     000096e8  _TrigSel             
1     00009674  _VTimer0             
1     00009670  _VTimer1             
1     0000967c  _VTimer2             
1     0000966a  _VirtualTimer        
0     003f65ea  _WDogDisable         
1     00007070  _XIntruptRegs        
0     003f6bd7  __IQ24div            
1     000003d0  __STACK_END          
abs   00000380  __STACK_SIZE         
1     0000982c  ___TI_cleanup_ptr    
1     0000982e  ___TI_dtors_ptr      
abs   ffffffff  ___binit__           
abs   ffffffff  ___c_args__          
0     003f698c  ___cinit__           
0     003f698c  ___etext__           
abs   ffffffff  ___pinit__           
0     003f6000  ___text__            
0     003f6943  __args_main          
1     00009830  __lock               
0     003f697d  __nop                
0     003f6979  __register_lock      
0     003f6975  __register_unlock    
1     00000050  __stack              
1     00009832  __unlock             
0     003f695c  _abort               
0     003f689b  _c_int00             
1     000097c0  _cmtn1               
1     00009800  _cmtninv1            
1     00009764  _dlog                
1     00009678  _eCAP                
1     00009720  _ePWM                
1     00009680  _eQEP                
0     003f695e  _exit                
1     0000968e  _impl1               
1     00009694  _impl2               
0     003f6000  _main                
1     0000969a  _mod1                
1     000096a0  _modinv1             
1     00009780  _pid1_spd            
1     00009798  _pid2_spd            
1     00009684  _pwm1                
1     00009689  _pwm2                
0     003f646c  _ramp_initial        
1     00009730  _rc1                 
1     00009710  _rc2                 
1     000096b0  _rmp2_1              
1     000096a6  _rmp2_2              
1     000096cc  _rmp3_1              
1     000096c0  _rmp3_2              
1     00009752  _speed1              
1     00009740  _speed2              
abs   ffffffff  binit                
0     003f698c  cinit                
0     003f7ff6  code_start           
0     003f698c  etext                
abs   ffffffff  pinit                


GLOBAL SYMBOLS: SORTED BY Symbol Address 

page  address   name                 
----  -------   ----                 
0     00000000  _MainISR             
0     00000000  _RamfuncsRunStart    
0     00001009  _InitFlash           
0     00001024  _DSP28x_usDelay      
0     003f0000  _RamfuncsLoadStart   
0     003f1028  _RamfuncsLoadEnd     
0     003f6000  .text                
0     003f6000  ___text__            
0     003f6000  _main                
0     003f641b  _A0                  
0     003f6432  _B0                  
0     003f6448  _A1                  
0     003f644e  _A2                  
0     003f6454  _A3                  
0     003f645a  _B1                  
0     003f6460  _B2                  
0     003f6466  _B3                  
0     003f646c  _ramp_initial        
0     003f64c8  _DeviceInit          
0     003f65ea  _WDogDisable         
0     003f65f2  _PLLset              
0     003f662c  _PieCntlInit         
0     003f664b  _PieVectTableInit    
0     003f6669  _MemCopy             
0     003f667e  FD$$MPY              
0     003f6701  FS$$DIV              
0     003f6784  _InitCpuTimers       
0     003f67c5  _ConfigCpuTimer      
0     003f67f6  FS$$MPY              
0     003f6850  _DLOG_4CH_init       
0     003f685b  _DLOG_4CH_update     
0     003f689b  _c_int00             
0     003f68df  FS$$TOL              
0     003f6908  FD$$TOL              
0     003f6927  FS$$TOFD             
0     003f6943  __args_main          
0     003f695c  C$$EXIT              
0     003f695c  _abort               
0     003f695e  _exit                
0     003f6975  __register_unlock    
0     003f6979  __register_lock      
0     003f697d  __nop                
0     003f6986  _ISR_ILLEGAL         
0     003f698c  ___cinit__           
0     003f698c  ___etext__           
0     003f698c  cinit                
0     003f698c  etext                
0     003f6bd7  __IQ24div            
0     003f7ff6  code_start           
0     003fe000  _IQsinTable          
0     003fe100  _IQcosTable          
0     003fe400  _IQsinTableEnd       
0     003fe502  _IQcosTableEnd       
0     003fe502  _IQdivRoundSatTable  
0     003fe510  _IQdivTable          
0     003fe712  _IQdivTableEnd       
0     003fe712  _IQisqrtRoundSatTable
0     003fe712  _IQsqrtRoundSatTable 
0     003fe722  _IQisqrtTable        
0     003fe722  _IQsqrtTable         
0     003fe824  _IQatan2HalfPITable  
0     003fe824  _IQisqrtTableEnd     
0     003fe824  _IQsqrtTableEnd      
0     003fe862  _IQatan2Table        
0     003fe9e8  _IQ30mpyRndSatTable  
0     003fe9e8  _IQatan2TableEnd     
0     003fe9e8  _IQmpyRndSatTable    
0     003fe9f4  _IQ29mpyRndSatTable  
0     003fea00  _IQ28mpyRndSatTable  
0     003fea0c  _IQ27mpyRndSatTable  
0     003fea18  _IQ26mpyRndSatTable  
0     003fea24  _IQ25mpyRndSatTable  
0     003fea30  _IQ24mpyRndSatTable  
0     003fea3c  _IQ23mpyRndSatTable  
0     003fea48  _IQ22mpyRndSatTable  
0     003fea54  _IQ21mpyRndSatTable  
0     003fea60  _IQ20mpyRndSatTable  
0     003fea6c  _IQ19mpyRndSatTable  
0     003fea78  _IQ18mpyRndSatTable  
0     003fea84  _IQ17mpyRndSatTable  
0     003fea90  _IQ16mpyRndSatTable  
0     003fea9c  _IQ15mpyRndSatTable  
0     003feaa8  _IQ14mpyRndSatTable  
0     003feab4  _IQ13mpyRndSatTable  
0     003feac0  _IQ12mpyRndSatTable  
0     003feacc  _IQ11mpyRndSatTable  
0     003fead8  _IQ10mpyRndSatTable  
0     003feae4  _IQ9mpyRndSatTable   
0     003feaf0  _IQ8mpyRndSatTable   
0     003feafc  _IQ7mpyRndSatTable   
0     003feb08  _IQ6mpyRndSatTable   
0     003feb14  _IQ5mpyRndSatTable   
0     003feb20  _IQ4mpyRndSatTable   
0     003feb2c  _IQ3mpyRndSatTable   
0     003feb38  _IQ2mpyRndSatTable   
0     003feb44  _IQ1mpyRndSatTable   
0     003feb50  _IQmpyRndSatTableEnd 
1     00000050  __stack              
1     000003d0  __STACK_END          
1     00000880  _DevEmuRegs          
1     00000a80  _FlashRegs           
1     00000ae0  _CsmRegs             
1     00000b00  _AdcResult           
1     00000c00  _CpuTimer0Regs       
1     00000c08  _CpuTimer1Regs       
1     00000c10  _CpuTimer2Regs       
1     00000ce0  _PieCtrlRegs         
1     00000d00  _EmuKey              
1     00000d00  _PieVectTable        
1     00000d01  _EmuBMode            
1     00000d02  _Flash_CallbackPtr   
1     00000d04  _Flash_CPUScaleFactor
1     00001400  _Cla1Regs            
1     00006000  _ECanaRegs           
1     00006040  _ECanaLAMRegs        
1     00006080  _ECanaMOTSRegs       
1     000060c0  _ECanaMOTORegs       
1     00006100  _ECanaMboxes         
1     00006400  _Comp1Regs           
1     00006420  _Comp2Regs           
1     00006440  _Comp3Regs           
1     00006800  _EPwm1Regs           
1     00006840  _EPwm2Regs           
1     00006880  _EPwm3Regs           
1     000068c0  _EPwm4Regs           
1     00006900  _EPwm5Regs           
1     00006940  _EPwm6Regs           
1     00006980  _EPwm7Regs           
1     00006a00  _ECap1Regs           
1     00006b00  _EQep1Regs           
1     00006c00  _LinaRegs            
1     00006f80  _GpioCtrlRegs        
1     00006fc0  _GpioDataRegs        
1     00006fe0  _GpioIntRegs         
1     00007010  _SysCtrlRegs         
1     00007040  _SpiaRegs            
1     00007050  _SciaRegs            
1     00007060  _NmiIntruptRegs      
1     00007070  _XIntruptRegs        
1     00007100  _AdcRegs             
1     00007740  _SpibRegs            
1     00007900  _I2caRegs            
1     00009640  _DfuncTesting        
1     00009641  _RotDireChangFlag    
1     00009642  _DFuncDesired1       
1     00009643  _NewBLDCmodStamp     
1     00009644  _OldBLDCmodStamp     
1     00009645  _DFuncDesired2       
1     00009646  _BLDC_CtrlMod        
1     00009647  _BackTicker          
1     00009648  _SerialCommsTimer    
1     00009649  _BackTickerFalse     
1     0000964a  _SpeedLoopFlag1      
1     0000964b  _SpeedLoopFlag2      
1     0000964c  _BackTickerTrue      
1     0000964d  _DlogCh4             
1     0000964e  _EnableFlag          
1     0000964f  _DlogCh3             
1     00009650  _DlogCh1             
1     00009651  _AlignFlag           
1     00009652  _Period              
1     00009653  _LoopCount           
1     00009654  _DlogCh2             
1     00009655  _GPR0_BLDC_PWM       
1     00009656  _T                   
1     00009658  _C_Task_Ptr          
1     0000965a  _RampDelay           
1     0000965c  _CmtnPeriodSetpt     
1     0000965e  _SpeedRef2           
1     00009660  _SpeedRef1           
1     00009662  _IsrTicker           
1     00009664  _CmtnPeriodTarget    
1     00009666  _Tmp                 
1     00009668  _B_Task_Ptr          
1     0000966a  _VirtualTimer        
1     0000966c  _Alpha_State_Ptr     
1     0000966e  _A_Task_Ptr          
1     00009670  _VTimer1             
1     00009674  _VTimer0             
1     00009678  _eCAP                
1     0000967c  _VTimer2             
1     00009680  _eQEP                
1     00009684  _pwm1                
1     00009689  _pwm2                
1     0000968e  _impl1               
1     00009694  _impl2               
1     0000969a  _mod1                
1     000096a0  _modinv1             
1     000096a6  _rmp2_2              
1     000096b0  _rmp2_1              
1     000096c0  _rmp3_2              
1     000096cc  _rmp3_1              
1     000096d8  _ChSel               
1     000096e8  _TrigSel             
1     00009700  _ACQPS               
1     00009710  _rc2                 
1     00009720  _ePWM                
1     00009730  _rc1                 
1     00009740  _speed2              
1     00009752  _speed1              
1     00009764  _dlog                
1     00009780  _pid1_spd            
1     00009798  _pid2_spd            
1     000097c0  _cmtn1               
1     00009800  _cmtninv1            
1     0000982c  ___TI_cleanup_ptr    
1     0000982e  ___TI_dtors_ptr      
1     00009830  __lock               
1     00009832  __unlock             
1     00009840  _CpuTimer1           
1     00009848  _CpuTimer2           
1     00009850  _CpuTimer0           
1     003d7e80  _PartIdRegs          
1     003f7ff8  _CsmPwl              
abs   00000380  __STACK_SIZE         
abs   ffffffff  ___binit__           
abs   ffffffff  ___c_args__          
abs   ffffffff  ___pinit__           
abs   ffffffff  binit                
abs   ffffffff  pinit                

[220 symbols]
