******************************************************************************
             TMS320C2000 Linker PC v6.4.6                      
******************************************************************************
>> Linked Sat Oct 17 06:55:08 2015

OUTPUT FILE NAME:   <HVBLDC_Sensorless.out>
ENTRY POINT SYMBOL: "_c_int00"  address: 0000967c


MEMORY CONFIGURATION

         name            origin    length      used     unused   attr    fill
----------------------  --------  ---------  --------  --------  ----  --------
PAGE 0:
  BEGIN                 00000000   00000002  00000002  00000000  RWIX
  BOOT_RSVD             00000002   0000004e  00000000  0000004e  RWIX
  RAMM0                 00000050   000003b0  00000250  00000160  RWIX
  progRAM               00008000   00001800  000017b3  0000004d  RWIX
  IQTABLES              003fe000   00000b50  00000b50  00000000  RWIX
  IQTABLES2             003feb50   0000008c  00000000  0000008c  RWIX
  IQTABLES3             003febdc   000000aa  00000000  000000aa  RWIX
  BOOTROM               003ff27c   00000d44  00000000  00000d44  RWIX
  RESET                 003fffc0   00000002  00000000  00000002  RWIX

PAGE 1:
  RAMM1                 00000480   00000380  00000380  00000000  RWIX
  DEV_EMU               00000880   00000105  00000004  00000101  RWIX
  SYS_PWR_CTL           00000985   00000003  00000000  00000003  RWIX
  FLASH_REGS            00000a80   00000060  00000008  00000058  RWIX
  CSM                   00000ae0   00000010  00000010  00000000  RWIX
  ADC_RESULT            00000b00   00000020  00000020  00000000  RWIX
  CPU_TIMER0            00000c00   00000008  00000008  00000000  RWIX
  CPU_TIMER1            00000c08   00000008  00000008  00000000  RWIX
  CPU_TIMER2            00000c10   00000008  00000008  00000000  RWIX
  PIE_CTRL              00000ce0   00000020  0000001a  00000006  RWIX
  PIE_VECT              00000d00   00000100  00000100  00000000  RWIX
  CLA1                  00001400   00000080  00000040  00000040  RWIX
  CLA_CPU_MSGRAM        00001480   00000080  00000000  00000080  RWIX
  CPU_CLA_MSGRAM        00001500   00000080  00000000  00000080  RWIX
  ECANA                 00006000   00000040  00000034  0000000c  RWIX
  ECANA_LAM             00006040   00000040  00000040  00000000  RWIX
  ECANA_MOTS            00006080   00000040  00000040  00000000  RWIX
  ECANA_MOTO            000060c0   00000040  00000040  00000000  RWIX
  ECANA_MBOX            00006100   00000100  00000100  00000000  RWIX
  COMP1                 00006400   00000020  00000014  0000000c  RWIX
  COMP2                 00006420   00000020  00000014  0000000c  RWIX
  COMP3                 00006440   00000020  00000014  0000000c  RWIX
  EPWM1                 00006800   00000040  00000040  00000000  RWIX
  EPWM2                 00006840   00000040  00000040  00000000  RWIX
  EPWM3                 00006880   00000040  00000040  00000000  RWIX
  EPWM4                 000068c0   00000040  00000040  00000000  RWIX
  EPWM5                 00006900   00000040  00000040  00000000  RWIX
  EPWM6                 00006940   00000040  00000040  00000000  RWIX
  EPWM7                 00006980   00000040  00000040  00000000  RWIX
  ECAP1                 00006a00   00000020  00000020  00000000  RWIX
  EQEP1                 00006b00   00000040  00000040  00000000  RWIX
  LINA                  00006c00   00000080  0000004a  00000036  RWIX
  GPIOCTRL              00006f80   00000040  00000040  00000000  RWIX
  GPIODAT               00006fc0   00000020  00000020  00000000  RWIX
  GPIOINT               00006fe0   00000020  0000000c  00000014  RWIX
  SYSTEM                00007010   00000020  00000020  00000000  RWIX
  SPIA                  00007040   00000010  00000010  00000000  RWIX
  SCIA                  00007050   00000010  00000010  00000000  RWIX
  NMIINTRUPT            00007060   00000010  00000010  00000000  RWIX
  XINTRUPT              00007070   00000010  00000010  00000000  RWIX
  ADC                   00007100   00000080  00000050  00000030  RWIX
  SPIB                  00007740   00000010  00000010  00000000  RWIX
  I2CA                  00007900   00000040  00000022  0000001e  RWIX
  dataRAM               00009800   00000800  00000644  000001bc  RWIX
  PARTID                003d7e80   00000001  00000001  00000000  RWIX
  CSM_PWL               003f7ff8   00000008  00000008  00000000  RWIX


SECTION ALLOCATION MAP

 output                                  attributes/
section   page    origin      length       input sections
--------  ----  ----------  ----------   ----------------
codestart 
*          0    00000000    00000002     
                  00000000    00000002     DSP2803x_CodeStartBranch.obj (codestart)

.ebss      1    00000000    00000218     FAILED TO ALLOCATE
.cinit     0    00000050    0000024c     
                  00000050    00000236     HVBLDC_Sensorless.obj (.cinit)
                  00000286    0000000a     rts2800_ml.lib : exit.obj (.cinit)
                  00000290    00000005                    : _lock.obj (.cinit:__lock)
                  00000295    00000005                    : _lock.obj (.cinit:__unlock)
                  0000029a    00000002     --HOLE-- [fill = 0]

ramfuncs   0    0000029c    00000004     
                  0000029c    00000004     DSP2803x_usDelay.obj (ramfuncs)

.text      0    00008000    0000176c     
                  00008000    00000da1     HVBLDC_Sensorless.obj (.text:retain)
                  00008da1    00000508     HVBLDC_Sensorless.obj (.text)
                  000092a9    000001b6     HVBLDC_Sensorless-DevInit_F2803x.obj (.text)
                  0000945f    00000083     rts2800_ml.lib : fd_mpy.obj (.text)
                  000094e2    00000083                    : fs_div.obj (.text)
                  00009565    00000072     DSP2803x_CpuTimers.obj (.text)
                  000095d7    0000005a     rts2800_ml.lib : fs_mpy.obj (.text)
                  00009631    0000004b     DLOG4CHC.obj (.text)
                  0000967c    00000044     rts2800_ml.lib : boot.obj (.text)
                  000096c0    00000029                    : fs_tol.obj (.text)
                  000096e9    0000001f                    : fd_tol.obj (.text)
                  00009708    0000001c                    : fs_tofd.obj (.text)
                  00009724    00000019                    : args_main.obj (.text)
                  0000973d    00000019                    : exit.obj (.text)
                  00009756    00000009                    : _lock.obj (.text)
                  0000975f    00000008     DSP2803x_CodeStartBranch.obj (.text)
                  00009767    00000005     HVBLDC_Sensorless-DevInit_F2803x.obj (.text:retain)

.pinit     0    00000050    00000000     UNINITIALIZED

.reset     0    003fffc0    00000002     DSECT
                  003fffc0    00000002     rts2800_ml.lib : boot.obj (.reset)

IQmath     0    0000976c    00000047     
                  0000976c    00000047     IQmath.lib : IQ24div.obj (IQmath)

IQmathTables 
*          0    003fe000    00000b50     NOLOAD SECTION
                  003fe000    00000b50     IQmath.lib : IQmathTables.obj (IQmathTables)

.stack     1    00000480    00000380     UNINITIALIZED
                  00000480    00000380     --HOLE--

DevEmuRegsFile 
*          1    00000880    00000004     UNINITIALIZED
                  00000880    00000004     DSP2803x_GlobalVariableDefs.obj (DevEmuRegsFile)

FlashRegsFile 
*          1    00000a80    00000008     UNINITIALIZED
                  00000a80    00000008     DSP2803x_GlobalVariableDefs.obj (FlashRegsFile)

CsmRegsFile 
*          1    00000ae0    00000010     UNINITIALIZED
                  00000ae0    00000010     DSP2803x_GlobalVariableDefs.obj (CsmRegsFile)

AdcResultFile 
*          1    00000b00    00000020     UNINITIALIZED
                  00000b00    00000020     DSP2803x_GlobalVariableDefs.obj (AdcResultFile)

CpuTimer0RegsFile 
*          1    00000c00    00000008     UNINITIALIZED
                  00000c00    00000008     DSP2803x_GlobalVariableDefs.obj (CpuTimer0RegsFile)

CpuTimer1RegsFile 
*          1    00000c08    00000008     UNINITIALIZED
                  00000c08    00000008     DSP2803x_GlobalVariableDefs.obj (CpuTimer1RegsFile)

CpuTimer2RegsFile 
*          1    00000c10    00000008     UNINITIALIZED
                  00000c10    00000008     DSP2803x_GlobalVariableDefs.obj (CpuTimer2RegsFile)

PieCtrlRegsFile 
*          1    00000ce0    0000001a     UNINITIALIZED
                  00000ce0    0000001a     DSP2803x_GlobalVariableDefs.obj (PieCtrlRegsFile)

PieVectTableFile 
*          1    00000d00    00000100     UNINITIALIZED
                  00000d00    00000100     DSP2803x_GlobalVariableDefs.obj (PieVectTableFile)

EmuKeyVar 
*          1    00000d00    00000001     UNINITIALIZED
                  00000d00    00000001     DSP2803x_GlobalVariableDefs.obj (EmuKeyVar)

EmuBModeVar 
*          1    00000d01    00000001     UNINITIALIZED
                  00000d01    00000001     DSP2803x_GlobalVariableDefs.obj (EmuBModeVar)

FlashCallbackVar 
*          1    00000d02    00000002     UNINITIALIZED
                  00000d02    00000002     DSP2803x_GlobalVariableDefs.obj (FlashCallbackVar)

FlashScalingVar 
*          1    00000d04    00000002     UNINITIALIZED
                  00000d04    00000002     DSP2803x_GlobalVariableDefs.obj (FlashScalingVar)

Cla1RegsFile 
*          1    00001400    00000040     UNINITIALIZED
                  00001400    00000040     DSP2803x_GlobalVariableDefs.obj (Cla1RegsFile)

ECanaRegsFile 
*          1    00006000    00000034     UNINITIALIZED
                  00006000    00000034     DSP2803x_GlobalVariableDefs.obj (ECanaRegsFile)

ECanaLAMRegsFile 
*          1    00006040    00000040     UNINITIALIZED
                  00006040    00000040     DSP2803x_GlobalVariableDefs.obj (ECanaLAMRegsFile)

ECanaMOTSRegsFile 
*          1    00006080    00000040     UNINITIALIZED
                  00006080    00000040     DSP2803x_GlobalVariableDefs.obj (ECanaMOTSRegsFile)

ECanaMOTORegsFile 
*          1    000060c0    00000040     UNINITIALIZED
                  000060c0    00000040     DSP2803x_GlobalVariableDefs.obj (ECanaMOTORegsFile)

ECanaMboxesFile 
*          1    00006100    00000100     UNINITIALIZED
                  00006100    00000100     DSP2803x_GlobalVariableDefs.obj (ECanaMboxesFile)

Comp1RegsFile 
*          1    00006400    00000014     UNINITIALIZED
                  00006400    00000014     DSP2803x_GlobalVariableDefs.obj (Comp1RegsFile)

Comp2RegsFile 
*          1    00006420    00000014     UNINITIALIZED
                  00006420    00000014     DSP2803x_GlobalVariableDefs.obj (Comp2RegsFile)

Comp3RegsFile 
*          1    00006440    00000014     UNINITIALIZED
                  00006440    00000014     DSP2803x_GlobalVariableDefs.obj (Comp3RegsFile)

EPwm1RegsFile 
*          1    00006800    00000040     UNINITIALIZED
                  00006800    00000040     DSP2803x_GlobalVariableDefs.obj (EPwm1RegsFile)

EPwm2RegsFile 
*          1    00006840    00000040     UNINITIALIZED
                  00006840    00000040     DSP2803x_GlobalVariableDefs.obj (EPwm2RegsFile)

EPwm3RegsFile 
*          1    00006880    00000040     UNINITIALIZED
                  00006880    00000040     DSP2803x_GlobalVariableDefs.obj (EPwm3RegsFile)

EPwm4RegsFile 
*          1    000068c0    00000040     UNINITIALIZED
                  000068c0    00000040     DSP2803x_GlobalVariableDefs.obj (EPwm4RegsFile)

EPwm5RegsFile 
*          1    00006900    00000040     UNINITIALIZED
                  00006900    00000040     DSP2803x_GlobalVariableDefs.obj (EPwm5RegsFile)

EPwm6RegsFile 
*          1    00006940    00000040     UNINITIALIZED
                  00006940    00000040     DSP2803x_GlobalVariableDefs.obj (EPwm6RegsFile)

EPwm7RegsFile 
*          1    00006980    00000040     UNINITIALIZED
                  00006980    00000040     DSP2803x_GlobalVariableDefs.obj (EPwm7RegsFile)

ECap1RegsFile 
*          1    00006a00    00000020     UNINITIALIZED
                  00006a00    00000020     DSP2803x_GlobalVariableDefs.obj (ECap1RegsFile)

EQep1RegsFile 
*          1    00006b00    00000040     UNINITIALIZED
                  00006b00    00000040     DSP2803x_GlobalVariableDefs.obj (EQep1RegsFile)

LinaRegsFile 
*          1    00006c00    0000004a     UNINITIALIZED
                  00006c00    0000004a     DSP2803x_GlobalVariableDefs.obj (LinaRegsFile)

GpioCtrlRegsFile 
*          1    00006f80    00000040     UNINITIALIZED
                  00006f80    00000040     DSP2803x_GlobalVariableDefs.obj (GpioCtrlRegsFile)

GpioDataRegsFile 
*          1    00006fc0    00000020     UNINITIALIZED
                  00006fc0    00000020     DSP2803x_GlobalVariableDefs.obj (GpioDataRegsFile)

GpioIntRegsFile 
*          1    00006fe0    0000000c     UNINITIALIZED
                  00006fe0    0000000c     DSP2803x_GlobalVariableDefs.obj (GpioIntRegsFile)

SysCtrlRegsFile 
*          1    00007010    00000020     UNINITIALIZED
                  00007010    00000020     DSP2803x_GlobalVariableDefs.obj (SysCtrlRegsFile)

SpiaRegsFile 
*          1    00007040    00000010     UNINITIALIZED
                  00007040    00000010     DSP2803x_GlobalVariableDefs.obj (SpiaRegsFile)

SciaRegsFile 
*          1    00007050    00000010     UNINITIALIZED
                  00007050    00000010     DSP2803x_GlobalVariableDefs.obj (SciaRegsFile)

NmiIntruptRegsFile 
*          1    00007060    00000010     UNINITIALIZED
                  00007060    00000010     DSP2803x_GlobalVariableDefs.obj (NmiIntruptRegsFile)

XIntruptRegsFile 
*          1    00007070    00000010     UNINITIALIZED
                  00007070    00000010     DSP2803x_GlobalVariableDefs.obj (XIntruptRegsFile)

AdcRegsFile 
*          1    00007100    00000050     UNINITIALIZED
                  00007100    00000050     DSP2803x_GlobalVariableDefs.obj (AdcRegsFile)

SpibRegsFile 
*          1    00007740    00000010     UNINITIALIZED
                  00007740    00000010     DSP2803x_GlobalVariableDefs.obj (SpibRegsFile)

I2caRegsFile 
*          1    00007900    00000022     UNINITIALIZED
                  00007900    00000022     DSP2803x_GlobalVariableDefs.obj (I2caRegsFile)

DLOG       1    00009800    00000640     UNINITIALIZED
                  00009800    00000640     DLOG4CHC.obj (DLOG)

.econst    1    00009e40    00000004     
                  00009e40    00000004     HVBLDC_Sensorless.obj (.econst)

PartIdRegsFile 
*          1    003d7e80    00000001     UNINITIALIZED
                  003d7e80    00000001     DSP2803x_GlobalVariableDefs.obj (PartIdRegsFile)

CsmPwlFile 
*          1    003f7ff8    00000008     UNINITIALIZED
                  003f7ff8    00000008     DSP2803x_GlobalVariableDefs.obj (CsmPwlFile)


GLOBAL DATA SYMBOLS: SORTED BY DATA PAGE

address     data page           name
--------    ----------------    ----
00000000       0 (00000000)     _old_rot_direction
00000001       0 (00000000)     _reset
00000002       0 (00000000)     _TripFlagDMC
00000003       0 (00000000)     _old_standby_flag
00000004       0 (00000000)     _DFuncDesired1
00000005       0 (00000000)     _new_rot_direction
00000006       0 (00000000)     _GPR0_BLDC_PWM
00000007       0 (00000000)     _Period
00000008       0 (00000000)     _DfuncTesting
00000009       0 (00000000)     _LoopCount
0000000a       0 (00000000)     _standby_flag
0000000b       0 (00000000)     _DFuncDesired2
0000000c       0 (00000000)     _AlignFlag
0000000d       0 (00000000)     _EnableFlag
0000000e       0 (00000000)     _SpeedLoopFlag1
0000000f       0 (00000000)     _DlogCh3
00000010       0 (00000000)     _BackTicker
00000011       0 (00000000)     _DlogCh4
00000012       0 (00000000)     _SerialCommsTimer
00000013       0 (00000000)     _SpeedLoopFlag2
00000014       0 (00000000)     _DlogCh1
00000015       0 (00000000)     _DlogCh2
00000016       0 (00000000)     _T
00000018       0 (00000000)     _IsrTicker
0000001a       0 (00000000)     _VirtualTimer
0000001c       0 (00000000)     _A_Task_Ptr
0000001e       0 (00000000)     _Alpha_State_Ptr
00000020       0 (00000000)     _C_Task_Ptr
00000022       0 (00000000)     _SpeedRef2
00000024       0 (00000000)     _SpeedRef1
00000026       0 (00000000)     _handler
00000028       0 (00000000)     _CmtnPeriodTarget
0000002a       0 (00000000)     _B_Task_Ptr
0000002c       0 (00000000)     _Tmp
0000002e       0 (00000000)     _CmtnPeriodSetpt
00000030       0 (00000000)     _RampDelay
00000032       0 (00000000)     _modinv1
00000036       0 (00000000)     _mod1
0000003a       0 (00000000)     _eCAP

00000040       1 (00000040)     _eQEP
00000044       1 (00000040)     _VTimer1
00000048       1 (00000040)     _VTimer0
0000004c       1 (00000040)     _VTimer2
00000050       1 (00000040)     _pwm1
00000055       1 (00000040)     _pwm2
0000005a       1 (00000040)     _impl2
00000060       1 (00000040)     _impl1
00000066       1 (00000040)     _rmp2_2
00000070       1 (00000040)     _rmp2_1

00000080       2 (00000080)     _rmp3_2
0000008c       2 (00000080)     _rmp3_1
00000098       2 (00000080)     _rc1
000000a8       2 (00000080)     _rc2

000000c0       3 (000000c0)     _TrigSel
000000d0       3 (000000c0)     _ACQPS
000000e0       3 (000000c0)     _ChSel
000000f0       3 (000000c0)     _ePWM

00000100       4 (00000100)     _speed1
00000112       4 (00000100)     _speed2
00000124       4 (00000100)     _dlog

00000140       5 (00000140)     _pid1_spd
00000158       5 (00000140)     _pid2_spd

00000180       6 (00000180)     _cmtninv1

000001c0       7 (000001c0)     _cmtn1
000001ec       7 (000001c0)     ___TI_cleanup_ptr
000001ee       7 (000001c0)     ___TI_dtors_ptr
000001f0       7 (000001c0)     __lock
000001f2       7 (000001c0)     __unlock

00000200       8 (00000200)     _CpuTimer1
00000208       8 (00000200)     _CpuTimer2
00000210       8 (00000200)     _CpuTimer0

00000480      12 (00000480)     __stack

00000880      22 (00000880)     _DevEmuRegs

00000a80      2a (00000a80)     _FlashRegs

00000ae0      2b (00000ac0)     _CsmRegs

00000b00      2c (00000b00)     _AdcResult

00000c00      30 (00000c00)     _CpuTimer0Regs
00000c08      30 (00000c00)     _CpuTimer1Regs
00000c10      30 (00000c00)     _CpuTimer2Regs

00000ce0      33 (00000cc0)     _PieCtrlRegs

00000d00      34 (00000d00)     _EmuKey
00000d00      34 (00000d00)     _PieVectTable
00000d01      34 (00000d00)     _EmuBMode
00000d02      34 (00000d00)     _Flash_CallbackPtr
00000d04      34 (00000d00)     _Flash_CPUScaleFactor

00001400      50 (00001400)     _Cla1Regs

00006000     180 (00006000)     _ECanaRegs

00006040     181 (00006040)     _ECanaLAMRegs

00006080     182 (00006080)     _ECanaMOTSRegs

000060c0     183 (000060c0)     _ECanaMOTORegs

00006100     184 (00006100)     _ECanaMboxes

00006400     190 (00006400)     _Comp1Regs
00006420     190 (00006400)     _Comp2Regs

00006440     191 (00006440)     _Comp3Regs

00006800     1a0 (00006800)     _EPwm1Regs

00006840     1a1 (00006840)     _EPwm2Regs

00006880     1a2 (00006880)     _EPwm3Regs

000068c0     1a3 (000068c0)     _EPwm4Regs

00006900     1a4 (00006900)     _EPwm5Regs

00006940     1a5 (00006940)     _EPwm6Regs

00006980     1a6 (00006980)     _EPwm7Regs

00006a00     1a8 (00006a00)     _ECap1Regs

00006b00     1ac (00006b00)     _EQep1Regs

00006c00     1b0 (00006c00)     _LinaRegs

00006f80     1be (00006f80)     _GpioCtrlRegs

00006fc0     1bf (00006fc0)     _GpioDataRegs
00006fe0     1bf (00006fc0)     _GpioIntRegs

00007010     1c0 (00007000)     _SysCtrlRegs

00007040     1c1 (00007040)     _SpiaRegs
00007050     1c1 (00007040)     _SciaRegs
00007060     1c1 (00007040)     _NmiIntruptRegs
00007070     1c1 (00007040)     _XIntruptRegs

00007100     1c4 (00007100)     _AdcRegs

00007740     1dd (00007740)     _SpibRegs

00007900     1e4 (00007900)     _I2caRegs

0000976c     25d (00009740)     __IQ24div

003d7e80    f5fa (003d7e80)     _PartIdRegs

003f7ff8    fdff (003f7fc0)     _CsmPwl

003fe000    ff80 (003fe000)     _IQsinTable

003fe100    ff84 (003fe100)     _IQcosTable

003fe400    ff90 (003fe400)     _IQsinTableEnd

003fe502    ff94 (003fe500)     _IQcosTableEnd
003fe502    ff94 (003fe500)     _IQdivRoundSatTable
003fe510    ff94 (003fe500)     _IQdivTable

003fe712    ff9c (003fe700)     _IQdivTableEnd
003fe712    ff9c (003fe700)     _IQisqrtRoundSatTable
003fe712    ff9c (003fe700)     _IQsqrtRoundSatTable
003fe722    ff9c (003fe700)     _IQisqrtTable
003fe722    ff9c (003fe700)     _IQsqrtTable

003fe824    ffa0 (003fe800)     _IQatan2HalfPITable
003fe824    ffa0 (003fe800)     _IQisqrtTableEnd
003fe824    ffa0 (003fe800)     _IQsqrtTableEnd

003fe862    ffa1 (003fe840)     _IQatan2Table

003fe9e8    ffa7 (003fe9c0)     _IQ30mpyRndSatTable
003fe9e8    ffa7 (003fe9c0)     _IQatan2TableEnd
003fe9e8    ffa7 (003fe9c0)     _IQmpyRndSatTable
003fe9f4    ffa7 (003fe9c0)     _IQ29mpyRndSatTable

003fea00    ffa8 (003fea00)     _IQ28mpyRndSatTable
003fea0c    ffa8 (003fea00)     _IQ27mpyRndSatTable
003fea18    ffa8 (003fea00)     _IQ26mpyRndSatTable
003fea24    ffa8 (003fea00)     _IQ25mpyRndSatTable
003fea30    ffa8 (003fea00)     _IQ24mpyRndSatTable
003fea3c    ffa8 (003fea00)     _IQ23mpyRndSatTable

003fea48    ffa9 (003fea40)     _IQ22mpyRndSatTable
003fea54    ffa9 (003fea40)     _IQ21mpyRndSatTable
003fea60    ffa9 (003fea40)     _IQ20mpyRndSatTable
003fea6c    ffa9 (003fea40)     _IQ19mpyRndSatTable
003fea78    ffa9 (003fea40)     _IQ18mpyRndSatTable

003fea84    ffaa (003fea80)     _IQ17mpyRndSatTable
003fea90    ffaa (003fea80)     _IQ16mpyRndSatTable
003fea9c    ffaa (003fea80)     _IQ15mpyRndSatTable
003feaa8    ffaa (003fea80)     _IQ14mpyRndSatTable
003feab4    ffaa (003fea80)     _IQ13mpyRndSatTable

003feac0    ffab (003feac0)     _IQ12mpyRndSatTable
003feacc    ffab (003feac0)     _IQ11mpyRndSatTable
003fead8    ffab (003feac0)     _IQ10mpyRndSatTable
003feae4    ffab (003feac0)     _IQ9mpyRndSatTable
003feaf0    ffab (003feac0)     _IQ8mpyRndSatTable
003feafc    ffab (003feac0)     _IQ7mpyRndSatTable

003feb08    ffac (003feb00)     _IQ6mpyRndSatTable
003feb14    ffac (003feb00)     _IQ5mpyRndSatTable
003feb20    ffac (003feb00)     _IQ4mpyRndSatTable
003feb2c    ffac (003feb00)     _IQ3mpyRndSatTable
003feb38    ffac (003feb00)     _IQ2mpyRndSatTable

003feb44    ffad (003feb40)     _IQ1mpyRndSatTable
003feb50    ffad (003feb40)     _IQmpyRndSatTableEnd


GLOBAL SYMBOLS: SORTED ALPHABETICALLY BY Name 

page  address   name                 
----  -------   ----                 
0     00008000  .text                
0     0000973d  C$$EXIT              
0     0000945f  FD$$MPY              
0     000096e9  FD$$TOL              
0     000094e2  FS$$DIV              
0     000095d7  FS$$MPY              
0     00009708  FS$$TOFD             
0     000096c0  FS$$TOL              
0     000091fa  _A0                  
0     00009229  _A1                  
0     0000922f  _A2                  
0     00009235  _A3                  
0     000000d0  _ACQPS               
0     0000001c  _A_Task_Ptr          
1     00007100  _AdcRegs             
1     00000b00  _AdcResult           
0     0000000c  _AlignFlag           
0     0000001e  _Alpha_State_Ptr     
0     00009213  _B0                  
0     0000923b  _B1                  
0     00009241  _B2                  
0     00009247  _B3                  
0     0000002a  _B_Task_Ptr          
0     00000010  _BackTicker          
0     00000020  _C_Task_Ptr          
0     000000e0  _ChSel               
1     00001400  _Cla1Regs            
0     0000002e  _CmtnPeriodSetpt     
0     00000028  _CmtnPeriodTarget    
1     00006400  _Comp1Regs           
1     00006420  _Comp2Regs           
1     00006440  _Comp3Regs           
0     000095a6  _ConfigCpuTimer      
0     00000210  _CpuTimer0           
1     00000c00  _CpuTimer0Regs       
0     00000200  _CpuTimer1           
1     00000c08  _CpuTimer1Regs       
0     00000208  _CpuTimer2           
1     00000c10  _CpuTimer2Regs       
1     003f7ff8  _CsmPwl              
1     00000ae0  _CsmRegs             
0     00000004  _DFuncDesired1       
0     0000000b  _DFuncDesired2       
0     00009631  _DLOG_4CH_init       
0     0000963c  _DLOG_4CH_update     
0     0000029c  _DSP28x_usDelay      
1     00000880  _DevEmuRegs          
0     000092a9  _DeviceInit          
0     00000008  _DfuncTesting        
0     00000014  _DlogCh1             
0     00000015  _DlogCh2             
0     0000000f  _DlogCh3             
0     00000011  _DlogCh4             
1     00006040  _ECanaLAMRegs        
1     000060c0  _ECanaMOTORegs       
1     00006080  _ECanaMOTSRegs       
1     00006100  _ECanaMboxes         
1     00006000  _ECanaRegs           
1     00006a00  _ECap1Regs           
1     00006800  _EPwm1Regs           
1     00006840  _EPwm2Regs           
1     00006880  _EPwm3Regs           
1     000068c0  _EPwm4Regs           
1     00006900  _EPwm5Regs           
1     00006940  _EPwm6Regs           
1     00006980  _EPwm7Regs           
1     00006b00  _EQep1Regs           
1     00000d01  _EmuBMode            
1     00000d00  _EmuKey              
0     0000000d  _EnableFlag          
1     00000a80  _FlashRegs           
1     00000d04  _Flash_CPUScaleFactor
1     00000d02  _Flash_CallbackPtr   
0     00000006  _GPR0_BLDC_PWM       
1     00006f80  _GpioCtrlRegs        
1     00006fc0  _GpioDataRegs        
1     00006fe0  _GpioIntRegs         
1     00007900  _I2caRegs            
0     003fead8  _IQ10mpyRndSatTable  
0     003feacc  _IQ11mpyRndSatTable  
0     003feac0  _IQ12mpyRndSatTable  
0     003feab4  _IQ13mpyRndSatTable  
0     003feaa8  _IQ14mpyRndSatTable  
0     003fea9c  _IQ15mpyRndSatTable  
0     003fea90  _IQ16mpyRndSatTable  
0     003fea84  _IQ17mpyRndSatTable  
0     003fea78  _IQ18mpyRndSatTable  
0     003fea6c  _IQ19mpyRndSatTable  
0     003feb44  _IQ1mpyRndSatTable   
0     003fea60  _IQ20mpyRndSatTable  
0     003fea54  _IQ21mpyRndSatTable  
0     003fea48  _IQ22mpyRndSatTable  
0     003fea3c  _IQ23mpyRndSatTable  
0     003fea30  _IQ24mpyRndSatTable  
0     003fea24  _IQ25mpyRndSatTable  
0     003fea18  _IQ26mpyRndSatTable  
0     003fea0c  _IQ27mpyRndSatTable  
0     003fea00  _IQ28mpyRndSatTable  
0     003fe9f4  _IQ29mpyRndSatTable  
0     003feb38  _IQ2mpyRndSatTable   
0     003fe9e8  _IQ30mpyRndSatTable  
0     003feb2c  _IQ3mpyRndSatTable   
0     003feb20  _IQ4mpyRndSatTable   
0     003feb14  _IQ5mpyRndSatTable   
0     003feb08  _IQ6mpyRndSatTable   
0     003feafc  _IQ7mpyRndSatTable   
0     003feaf0  _IQ8mpyRndSatTable   
0     003feae4  _IQ9mpyRndSatTable   
0     003fe824  _IQatan2HalfPITable  
0     003fe862  _IQatan2Table        
0     003fe9e8  _IQatan2TableEnd     
0     003fe100  _IQcosTable          
0     003fe502  _IQcosTableEnd       
0     003fe502  _IQdivRoundSatTable  
0     003fe510  _IQdivTable          
0     003fe712  _IQdivTableEnd       
0     003fe712  _IQisqrtRoundSatTable
0     003fe722  _IQisqrtTable        
0     003fe824  _IQisqrtTableEnd     
0     003fe9e8  _IQmpyRndSatTable    
0     003feb50  _IQmpyRndSatTableEnd 
0     003fe000  _IQsinTable          
0     003fe400  _IQsinTableEnd       
0     003fe712  _IQsqrtRoundSatTable 
0     003fe722  _IQsqrtTable         
0     003fe824  _IQsqrtTableEnd      
0     00009767  _ISR_ILLEGAL         
0     00009565  _InitCpuTimers       
0     00000018  _IsrTicker           
1     00006c00  _LinaRegs            
0     00000009  _LoopCount           
0     00008000  _MainISR             
0     0000944a  _MemCopy             
1     00007060  _NmiIntruptRegs      
0     000093d3  _PLLset              
1     003d7e80  _PartIdRegs          
0     00000007  _Period              
0     0000940d  _PieCntlInit         
1     00000ce0  _PieCtrlRegs         
1     00000d00  _PieVectTable        
0     0000942c  _PieVectTableInit    
0     00000030  _RampDelay           
1     00007050  _SciaRegs            
0     00000012  _SerialCommsTimer    
0     0000000e  _SpeedLoopFlag1      
0     00000013  _SpeedLoopFlag2      
0     00000024  _SpeedRef1           
0     00000022  _SpeedRef2           
1     00007040  _SpiaRegs            
1     00007740  _SpibRegs            
1     00007010  _SysCtrlRegs         
0     00000016  _T                   
0     0000002c  _Tmp                 
0     000000c0  _TrigSel             
0     00000002  _TripFlagDMC         
0     00000048  _VTimer0             
0     00000044  _VTimer1             
0     0000004c  _VTimer2             
0     0000001a  _VirtualTimer        
0     000093cb  _WDogDisable         
1     00007070  _XIntruptRegs        
0     0000976c  __IQ24div            
1     00000800  __STACK_END          
abs   00000380  __STACK_SIZE         
0     000001ec  ___TI_cleanup_ptr    
0     000001ee  ___TI_dtors_ptr      
abs   ffffffff  ___binit__           
abs   ffffffff  ___c_args__          
0     00000050  ___cinit__           
0     0000976c  ___etext__           
abs   ffffffff  ___pinit__           
0     00008000  ___text__            
0     00009724  __args_main          
0     000001f0  __lock               
0     0000975e  __nop                
0     0000975a  __register_lock      
0     00009756  __register_unlock    
1     00000480  __stack              
0     000001f2  __unlock             
0     0000973d  _abort               
0     0000967c  _c_int00             
0     000001c0  _cmtn1               
0     00000180  _cmtninv1            
0     00000124  _dlog                
0     0000003a  _eCAP                
0     000000f0  _ePWM                
0     00000040  _eQEP                
0     0000973f  _exit                
0     00000026  _handler             
0     00000060  _impl1               
0     0000005a  _impl2               
0     00008da1  _main                
0     00000036  _mod1                
0     00000032  _modinv1             
0     00000005  _new_rot_direction   
0     00000000  _old_rot_direction   
0     00000003  _old_standby_flag    
0     00000140  _pid1_spd            
0     00000158  _pid2_spd            
0     00000050  _pwm1                
0     00000055  _pwm2                
0     0000924d  _ramp_initial        
0     00000098  _rc1                 
0     000000a8  _rc2                 
0     00000001  _reset               
0     00000070  _rmp2_1              
0     00000066  _rmp2_2              
0     0000008c  _rmp3_1              
0     00000080  _rmp3_2              
0     00000100  _speed1              
0     00000112  _speed2              
0     0000000a  _standby_flag        
abs   ffffffff  binit                
0     00000050  cinit                
0     00000000  code_start           
0     0000976c  etext                
abs   ffffffff  pinit                


GLOBAL SYMBOLS: SORTED BY Symbol Address 

page  address   name                 
----  -------   ----                 
0     00000000  _old_rot_direction   
0     00000000  code_start           
0     00000001  _reset               
0     00000002  _TripFlagDMC         
0     00000003  _old_standby_flag    
0     00000004  _DFuncDesired1       
0     00000005  _new_rot_direction   
0     00000006  _GPR0_BLDC_PWM       
0     00000007  _Period              
0     00000008  _DfuncTesting        
0     00000009  _LoopCount           
0     0000000a  _standby_flag        
0     0000000b  _DFuncDesired2       
0     0000000c  _AlignFlag           
0     0000000d  _EnableFlag          
0     0000000e  _SpeedLoopFlag1      
0     0000000f  _DlogCh3             
0     00000010  _BackTicker          
0     00000011  _DlogCh4             
0     00000012  _SerialCommsTimer    
0     00000013  _SpeedLoopFlag2      
0     00000014  _DlogCh1             
0     00000015  _DlogCh2             
0     00000016  _T                   
0     00000018  _IsrTicker           
0     0000001a  _VirtualTimer        
0     0000001c  _A_Task_Ptr          
0     0000001e  _Alpha_State_Ptr     
0     00000020  _C_Task_Ptr          
0     00000022  _SpeedRef2           
0     00000024  _SpeedRef1           
0     00000026  _handler             
0     00000028  _CmtnPeriodTarget    
0     0000002a  _B_Task_Ptr          
0     0000002c  _Tmp                 
0     0000002e  _CmtnPeriodSetpt     
0     00000030  _RampDelay           
0     00000032  _modinv1             
0     00000036  _mod1                
0     0000003a  _eCAP                
0     00000040  _eQEP                
0     00000044  _VTimer1             
0     00000048  _VTimer0             
0     0000004c  _VTimer2             
0     00000050  ___cinit__           
0     00000050  _pwm1                
0     00000050  cinit                
0     00000055  _pwm2                
0     0000005a  _impl2               
0     00000060  _impl1               
0     00000066  _rmp2_2              
0     00000070  _rmp2_1              
0     00000080  _rmp3_2              
0     0000008c  _rmp3_1              
0     00000098  _rc1                 
0     000000a8  _rc2                 
0     000000c0  _TrigSel             
0     000000d0  _ACQPS               
0     000000e0  _ChSel               
0     000000f0  _ePWM                
0     00000100  _speed1              
0     00000112  _speed2              
0     00000124  _dlog                
0     00000140  _pid1_spd            
0     00000158  _pid2_spd            
0     00000180  _cmtninv1            
0     000001c0  _cmtn1               
0     000001ec  ___TI_cleanup_ptr    
0     000001ee  ___TI_dtors_ptr      
0     000001f0  __lock               
0     000001f2  __unlock             
0     00000200  _CpuTimer1           
0     00000208  _CpuTimer2           
0     00000210  _CpuTimer0           
0     0000029c  _DSP28x_usDelay      
0     00008000  .text                
0     00008000  _MainISR             
0     00008000  ___text__            
0     00008da1  _main                
0     000091fa  _A0                  
0     00009213  _B0                  
0     00009229  _A1                  
0     0000922f  _A2                  
0     00009235  _A3                  
0     0000923b  _B1                  
0     00009241  _B2                  
0     00009247  _B3                  
0     0000924d  _ramp_initial        
0     000092a9  _DeviceInit          
0     000093cb  _WDogDisable         
0     000093d3  _PLLset              
0     0000940d  _PieCntlInit         
0     0000942c  _PieVectTableInit    
0     0000944a  _MemCopy             
0     0000945f  FD$$MPY              
0     000094e2  FS$$DIV              
0     00009565  _InitCpuTimers       
0     000095a6  _ConfigCpuTimer      
0     000095d7  FS$$MPY              
0     00009631  _DLOG_4CH_init       
0     0000963c  _DLOG_4CH_update     
0     0000967c  _c_int00             
0     000096c0  FS$$TOL              
0     000096e9  FD$$TOL              
0     00009708  FS$$TOFD             
0     00009724  __args_main          
0     0000973d  C$$EXIT              
0     0000973d  _abort               
0     0000973f  _exit                
0     00009756  __register_unlock    
0     0000975a  __register_lock      
0     0000975e  __nop                
0     00009767  _ISR_ILLEGAL         
0     0000976c  __IQ24div            
0     0000976c  ___etext__           
0     0000976c  etext                
0     003fe000  _IQsinTable          
0     003fe100  _IQcosTable          
0     003fe400  _IQsinTableEnd       
0     003fe502  _IQcosTableEnd       
0     003fe502  _IQdivRoundSatTable  
0     003fe510  _IQdivTable          
0     003fe712  _IQdivTableEnd       
0     003fe712  _IQisqrtRoundSatTable
0     003fe712  _IQsqrtRoundSatTable 
0     003fe722  _IQisqrtTable        
0     003fe722  _IQsqrtTable         
0     003fe824  _IQatan2HalfPITable  
0     003fe824  _IQisqrtTableEnd     
0     003fe824  _IQsqrtTableEnd      
0     003fe862  _IQatan2Table        
0     003fe9e8  _IQ30mpyRndSatTable  
0     003fe9e8  _IQatan2TableEnd     
0     003fe9e8  _IQmpyRndSatTable    
0     003fe9f4  _IQ29mpyRndSatTable  
0     003fea00  _IQ28mpyRndSatTable  
0     003fea0c  _IQ27mpyRndSatTable  
0     003fea18  _IQ26mpyRndSatTable  
0     003fea24  _IQ25mpyRndSatTable  
0     003fea30  _IQ24mpyRndSatTable  
0     003fea3c  _IQ23mpyRndSatTable  
0     003fea48  _IQ22mpyRndSatTable  
0     003fea54  _IQ21mpyRndSatTable  
0     003fea60  _IQ20mpyRndSatTable  
0     003fea6c  _IQ19mpyRndSatTable  
0     003fea78  _IQ18mpyRndSatTable  
0     003fea84  _IQ17mpyRndSatTable  
0     003fea90  _IQ16mpyRndSatTable  
0     003fea9c  _IQ15mpyRndSatTable  
0     003feaa8  _IQ14mpyRndSatTable  
0     003feab4  _IQ13mpyRndSatTable  
0     003feac0  _IQ12mpyRndSatTable  
0     003feacc  _IQ11mpyRndSatTable  
0     003fead8  _IQ10mpyRndSatTable  
0     003feae4  _IQ9mpyRndSatTable   
0     003feaf0  _IQ8mpyRndSatTable   
0     003feafc  _IQ7mpyRndSatTable   
0     003feb08  _IQ6mpyRndSatTable   
0     003feb14  _IQ5mpyRndSatTable   
0     003feb20  _IQ4mpyRndSatTable   
0     003feb2c  _IQ3mpyRndSatTable   
0     003feb38  _IQ2mpyRndSatTable   
0     003feb44  _IQ1mpyRndSatTable   
0     003feb50  _IQmpyRndSatTableEnd 
1     00000480  __stack              
1     00000800  __STACK_END          
1     00000880  _DevEmuRegs          
1     00000a80  _FlashRegs           
1     00000ae0  _CsmRegs             
1     00000b00  _AdcResult           
1     00000c00  _CpuTimer0Regs       
1     00000c08  _CpuTimer1Regs       
1     00000c10  _CpuTimer2Regs       
1     00000ce0  _PieCtrlRegs         
1     00000d00  _EmuKey              
1     00000d00  _PieVectTable        
1     00000d01  _EmuBMode            
1     00000d02  _Flash_CallbackPtr   
1     00000d04  _Flash_CPUScaleFactor
1     00001400  _Cla1Regs            
1     00006000  _ECanaRegs           
1     00006040  _ECanaLAMRegs        
1     00006080  _ECanaMOTSRegs       
1     000060c0  _ECanaMOTORegs       
1     00006100  _ECanaMboxes         
1     00006400  _Comp1Regs           
1     00006420  _Comp2Regs           
1     00006440  _Comp3Regs           
1     00006800  _EPwm1Regs           
1     00006840  _EPwm2Regs           
1     00006880  _EPwm3Regs           
1     000068c0  _EPwm4Regs           
1     00006900  _EPwm5Regs           
1     00006940  _EPwm6Regs           
1     00006980  _EPwm7Regs           
1     00006a00  _ECap1Regs           
1     00006b00  _EQep1Regs           
1     00006c00  _LinaRegs            
1     00006f80  _GpioCtrlRegs        
1     00006fc0  _GpioDataRegs        
1     00006fe0  _GpioIntRegs         
1     00007010  _SysCtrlRegs         
1     00007040  _SpiaRegs            
1     00007050  _SciaRegs            
1     00007060  _NmiIntruptRegs      
1     00007070  _XIntruptRegs        
1     00007100  _AdcRegs             
1     00007740  _SpibRegs            
1     00007900  _I2caRegs            
1     003d7e80  _PartIdRegs          
1     003f7ff8  _CsmPwl              
abs   00000380  __STACK_SIZE         
abs   ffffffff  ___binit__           
abs   ffffffff  ___c_args__          
abs   ffffffff  ___pinit__           
abs   ffffffff  binit                
abs   ffffffff  pinit                

[217 symbols]
